// Jest Snapshot v1, https://goo.gl/fbAQLP

exports[`LoginForm should match snapshot when initially rendered 1`] = `
<DocumentFragment>
  <form
    class="mx-auto w-full max-w-sm"
  >
    <div
      class="mb-5"
    >
      <label
        aria-labelledby="email"
        class="mb-2 block text-sm font-medium text-gray-900 dark:text-white"
        for="email"
      >
        Your email 
        <span>
          *
        </span>
      </label>
      <input
        class="block w-full rounded-lg bg-gray-50/50 p-4 text-sm text-gray-900 border border-gray-200"
        data-testid="email-input"
        required=""
        type="text"
        value="admin@aviv-group.com"
      />
    </div>
    <div
      class="mb-5"
    >
      <label
        aria-labelledby="password"
        class="mb-2 block text-sm font-medium text-gray-900 dark:text-white"
        for="password"
      >
        Your password 
        <span>
          *
        </span>
      </label>
      <input
        class="block w-full rounded-lg bg-gray-50/50 p-4 text-sm text-gray-900 border border-gray-200"
        data-testid="password-input"
        required=""
        type="password"
        value="Test@#12345"
      />
    </div>
    <button
      class="rounded-lg bg-blue-500 p-2 px-6 font-semibold w-full text-white"
      data-testid="btn-login"
      type="submit"
    >
      Submit
    </button>
  </form>
</DocumentFragment>
`;
