// Jest Snapshot v1, https://goo.gl/fbAQLP

exports[`LoginForm should match snapshot when initially rendered 1`] = `
<DocumentFragment>
  <form
    class="mx-auto w-full max-w-2xl"
  >
    <div
      class="css-167vhyo"
    >
      <div
        class="css-ow2jnx"
        data-testid="email-input"
      >
        <div
          class="css-j7qwjs"
        >
          <div
            class="css-6xq2vb"
          >
            <label
              class="css-1azm4t"
              for="react-aria-:r0:"
              id="react-aria-:r1:"
            >
              Your email
              <span
                class="css-uv7gtw"
              >
                *
              </span>
            </label>
          </div>
        </div>
        <div
          class="css-1c1vv48"
        >
          <input
            aria-labelledby="react-aria-:r1:"
            aria-required="true"
            class="css-pcexyr"
            id="react-aria-:r0:"
            inputmode="text"
            size="1"
            type="text"
            value="admin@aviv-group.com"
          />
        </div>
      </div>
    </div>
    <div
      class="css-1gwlgto"
    >
      <div
        class="css-ow2jnx"
        data-testid="password-input"
      >
        <div
          class="css-j7qwjs"
        >
          <div
            class="css-6xq2vb"
          >
            <label
              class="css-1azm4t"
              for="react-aria-:r5:"
              id="react-aria-:r6:"
            >
              Your password
              <span
                class="css-uv7gtw"
              >
                *
              </span>
            </label>
          </div>
        </div>
        <div
          class="css-1c1vv48"
        >
          <input
            aria-labelledby="react-aria-:r6:"
            aria-required="true"
            class="css-pcexyr"
            id="react-aria-:r5:"
            inputmode="none"
            name="password"
            size="1"
            type="text"
            value="Test@#12345"
          />
        </div>
      </div>
    </div>
    <button
      class="css-1bzl4wl"
      data-testid="btn-login"
      type="button"
    >
      <div
        class="css-o395q5"
      >
        <span
          class="css-1gur7lg"
        >
          Submit
        </span>
      </div>
    </button>
  </form>
</DocumentFragment>
`;
