// Jest Snapshot v1, https://goo.gl/fbAQLP

exports[`RegisterForm should match snapshot when initially rendered 1`] = `
<DocumentFragment>
  <form
    class="mx-auto w-full max-w-2xl"
  >
    <div
      class="css-167vhyo"
    >
      <div
        class="css-mbjr46"
      >
        <div
          class="css-ow2jnx"
          data-testid="first-name-input"
        >
          <div
            class="css-j7qwjs"
          >
            <div
              class="css-6xq2vb"
            >
              <label
                class="css-1azm4t"
                for="react-aria-:r0:"
                id="react-aria-:r1:"
              >
                First name
                <span
                  class="css-uv7gtw"
                >
                  *
                </span>
              </label>
            </div>
          </div>
          <div
            class="css-1c1vv48"
          >
            <input
              aria-labelledby="react-aria-:r1:"
              aria-required="true"
              class="css-pcexyr"
              id="react-aria-:r0:"
              inputmode="text"
              size="1"
              type="text"
              value=""
            />
          </div>
        </div>
        <div
          class="css-ow2jnx"
          data-testid="last-name-input"
        >
          <div
            class="css-j7qwjs"
          >
            <div
              class="css-6xq2vb"
            >
              <label
                class="css-1azm4t"
                for="react-aria-:r5:"
                id="react-aria-:r6:"
              >
                Last name
                <span
                  class="css-uv7gtw"
                >
                  *
                </span>
              </label>
            </div>
          </div>
          <div
            class="css-1c1vv48"
          >
            <input
              aria-labelledby="react-aria-:r6:"
              aria-required="true"
              class="css-pcexyr"
              id="react-aria-:r5:"
              inputmode="text"
              size="1"
              type="text"
              value=""
            />
          </div>
        </div>
      </div>
    </div>
    <div
      class="css-167vhyo"
    >
      <div
        class="css-ow2jnx"
        data-testid="email-input"
      >
        <div
          class="css-j7qwjs"
        >
          <div
            class="css-6xq2vb"
          >
            <label
              class="css-1azm4t"
              for="react-aria-:ra:"
              id="react-aria-:rb:"
            >
              Your email
              <span
                class="css-uv7gtw"
              >
                *
              </span>
            </label>
          </div>
        </div>
        <div
          class="css-1c1vv48"
        >
          <input
            aria-labelledby="react-aria-:rb:"
            aria-required="true"
            class="css-pcexyr"
            id="react-aria-:ra:"
            inputmode="text"
            size="1"
            type="text"
            value=""
          />
        </div>
      </div>
    </div>
    <div
      class="css-167vhyo"
    >
      <div
        class="css-ow2jnx"
        data-testid="password-input"
      >
        <div
          class="css-j7qwjs"
        >
          <div
            class="css-6xq2vb"
          >
            <label
              class="css-1azm4t"
              for="react-aria-:rf:"
              id="react-aria-:rg:"
            >
              Password
              <span
                class="css-uv7gtw"
              >
                *
              </span>
            </label>
          </div>
        </div>
        <div
          class="css-1c1vv48"
        >
          <input
            aria-labelledby="react-aria-:rg:"
            aria-required="true"
            class="css-pcexyr"
            id="react-aria-:rf:"
            inputmode="text"
            size="1"
            type="text"
            value=""
          />
        </div>
      </div>
    </div>
    <div
      class="css-167vhyo"
    >
      <div
        class="css-ow2jnx"
        data-testid="confirm-password-input"
      >
        <div
          class="css-j7qwjs"
        >
          <div
            class="css-6xq2vb"
          >
            <label
              class="css-1azm4t"
              for="react-aria-:rk:"
              id="react-aria-:rl:"
            >
              Confirm password
              <span
                class="css-uv7gtw"
              >
                *
              </span>
            </label>
          </div>
        </div>
        <div
          class="css-1c1vv48"
        >
          <input
            aria-labelledby="react-aria-:rl:"
            aria-required="true"
            class="css-pcexyr"
            id="react-aria-:rk:"
            inputmode="text"
            size="1"
            type="text"
            value=""
          />
        </div>
      </div>
    </div>
    <button
      class="css-1bzl4wl"
      data-testid="btn-register"
      type="button"
    >
      <div
        class="css-o395q5"
      >
        <span
          class="css-1gur7lg"
        >
          Submit
        </span>
      </div>
    </button>
  </form>
</DocumentFragment>
`;
